// Jest Snapshot v1, https://goo.gl/fbAQLP

exports[`App Tests Matches Snapshot 1`] = `"<div class=\\"sc-jrsJCI gzNwVG\\"><h1 style=\\"color: whitesmoke; text-align: center;\\">Front End Developer Interview Questions</h1><div class=\\"sc-hKFyIo eIJgGR\\"><div class=\\"sc-gKAblj PdYxk\\"><div offset=\\"0\\" class=\\"sc-dlnjPT cqeDqx\\"><div class=\\"sc-bdnylx iZSjZb\\">Loading...</div></div></div><p class=\\"sc-jSFkmK dCqQGP\\">Question# 1 of 1</p><div class=\\"sc-eCApGN fGzqiL\\"><div class=\\"sc-iCoHVE enmkFP\\"><label for=\\"category\\">Category:</label><select name=\\"category\\"><option value=\\"all\\">All</option><option value=\\"General\\">General</option><option value=\\"HTML\\">HTML</option><option value=\\"CSS\\">CSS</option><option value=\\"Javascript\\">Javascript</option><option value=\\"Networking\\">Networking</option><option value=\\"Testing\\">Testing</option></select></div><div data-testid=\\"showAnswer\\" class=\\"sc-pNWxx lcrklA\\"><p>Show Answer</p></div><div data-testid=\\"nextCard\\" class=\\"sc-fujyUd faXeHE\\">Next Card</div></div></div></div>"`;
