// Jest Snapshot v1, https://goo.gl/fbAQLP

exports[`Card Tests Matches Snapshot 1`] = `
.c1 {
  -webkit-filter: blur(5px);
  filter: blur(5px);
  font-size: 2.5vw;
  font-style: italic;
  font-family: 'Trebuchet MS','Lucida Sans Unicode','Lucida Grande','Lucida Sans',Arial,sans-serif;
  max-height: 50%;
  overflow-y: auto;
  overflow-x: hidden;
}

.c0 {
  position: absolute;
  top: 50%;
  left: 50%;
  -webkit-transform: translate(-50%,-50%);
  -ms-transform: translate(-50%,-50%);
  transform: translate(-50%,-50%);
  display: -webkit-box;
  display: -webkit-flex;
  display: -ms-flexbox;
  display: flex;
  -webkit-flex-direction: column;
  -ms-flex-direction: column;
  flex-direction: column;
  -webkit-align-items: center;
  -webkit-box-align: center;
  -ms-flex-align: center;
  align-items: center;
  -webkit-box-pack: space-around;
  -webkit-justify-content: space-around;
  -ms-flex-pack: space-around;
  justify-content: space-around;
  height: 30vw;
  width: 50vw;
  min-height: 168px;
  min-width: 280px;
  padding: .5rem;
  background-color: whitesmoke;
  box-shadow: 2px 2px 10px rgba(0,0,0,.5);
  -webkit-animation: none;
  animation: none;
  font-family: 'Permanent Marker',cursive;
  font-size: 1.5rem;
}

.c0 p {
  text-align: center;
  font-size: 3vw;
  white-space: pre-wrap;
}

.c0 code {
  background-color: black;
  max-height: 50%;
  width: -webkit-fit-content;
  width: -moz-fit-content;
  width: fit-content;
  min-width: 75%;
  color: white;
  font-family: monospace;
  font-size: .5rem;
  white-space: pre-wrap;
  overflow: auto;
}

@media screen and (min-width:600px) {
  .c1 {
    font-size: 1.25rem;
  }
}

@media screen and (min-width:600px) {
  .c0 p {
    font-size: 1.5rem;
  }

  .c0 code {
    font-size: 1.25rem;
  }
}

<div
  className="c0"
  offset={0}
>
  <p>
    test question
  </p>
  <code>
    test code
  </code>
  <p
    className="c1"
  >
    test answer
  </p>
</div>
`;
